.\venv\Scripts\python.exe : 
Traceback (most recent call 
last):
At line:1 char:1
+ .\venv\Scripts\python.exe 
-c "from app import 
create_app; app = creat ...
+ ~~~~~~~~~~~~~~~~~~~~~~~~~~
~~~~~~~~~~~~~~~~~~~~~~~~~~~~
~~~~~~~~~~~~~~~
    + CategoryInfo          
    : NotSpecified: (Trace  
  back (most recent call    
 last)::String) [], Remo    
teException
    + FullyQualifiedErrorId 
    : NativeCommandError
 
  File "<string>", line 1, 
in <module>
  File "D:\magang\techscan\a
pp\__init__.py", line 24, 
in create_app
    _default_wapp = pathlib.
Path(__file__).parent.parent
 / 'node_scanner' / 
'node_modules' / 
'wappalyzer'
                    ^^^^^^^
UnboundLocalError: cannot 
access local variable 
'pathlib' where it is not 
associated with a value
